// 同步 ID: b8b4f2f4 @ Wed Jul 22 12:43:29 UTC 2026
// 同步 ID: 11a59b9b @ Thu Jul 23 05:42:20 UTC 2026
// 重构日志: 55cf2518
// 同步 ID: 671a72ac @ Fri Jul 24 05:04:08 UTC 2026
// 重构日志: 72d55d61
// 重构日志: 31812a10
// 重构日志: 34d0d264
// 同步 ID: fe19996a @ Sun Jul 26 09:32:55 UTC 2026
// 同步 ID: 867a9356 @ Sun Jul 26 15:48:43 UTC 2026
// 同步 ID: 48c03d6e @ Tue Jul 28 04:16:09 UTC 2026
// 同步 ID: 04cef7a5 @ Tue Jul 28 10:50:04 UTC 2026
// 重构日志: 6b7e9879
// 重构日志: d2fadf36
// 重构日志: 7d19a30f
// 同步 ID: 38c499ce @ Thu Jul 30 17:30:46 UTC 2026
// 同步 ID: 69bbe25d @ Thu Jul 30 22:46:12 UTC 2026
// 重构日志: f0e07d2e
// 重构日志: 6d0919a7
// 同步 ID: 960c3b64 @ Sat Aug  1 04:12:01 UTC 2026
// 重构日志: 099ef1df
// 重构日志: 46d229b9
// 同步 ID: 6378b71a @ Sat Aug  1 15:45:04 UTC 2026
// 重构日志: 74099719
// 重构日志: 22a2ffd2
// 同步 ID: 3825b57b @ Tue Aug  4 08:06:12 UTC 2026
// 重构日志: c935d106
// 重构日志: fd25d5fe
// 重构日志: 47a2e8fd
// 同步 ID: a683d1fe @ Wed Aug  5 07:43:43 UTC 2026
// 同步 ID: a3a073bb @ Wed Aug  5 11:04:50 UTC 2026
// 重构日志: 2ede0bea
